Timing is off.
BEGIN
 seed 
------
 
(1 row)

INSERT 0 20
INSERT 0 2000
SELECT 2000
INSERT 0 2000
INSERT 0 2000
INSERT 0 2000
ANALYZE
psql:audit/seller-app/tests/sql/15_perf_seller_queries.sql:80: NOTICE:  INFO 15.1 getAllOrders(): 2000 orders, ~2819 KB JSON, 178 ms (called by Dashboard x2, Kanban, Analytics, Shipping shortcut, every realtime event)
psql:audit/seller-app/tests/sql/15_perf_seller_queries.sql:80: NOTICE:  INFO 15.2 getPendingVerifications(): 0 rows, 8.6 ms
psql:audit/seller-app/tests/sql/15_perf_seller_queries.sql:80: NOTICE:  INFO 15.3 getProducts(liveDrop): 3 rows, 0.6 ms
DO
 as_seller 
-----------
 
(1 row)

                                                                                                                                                                                                                                                          QUERY PLAN                                                                                                                                                                                                                                                           
-------------------------------------------------------------------------------------------------------------------------------------------------------------------------------------------------------------------------------------------------------------------------------------------------------------------------------------------------------------------------------------------------------------------------------------------------------------------------------------------------------------------------------
 Sort (actual rows=2000 loops=1)
   Sort Key: o.created_at DESC
   Sort Method: quicksort  Memory: 189kB
   Buffers: shared hit=67
   ->  Seq Scan on orders o (actual rows=2000 loops=1)
         Filter: (hashed SubPlan 2)
         Buffers: shared hit=67
         SubPlan 2
           ->  Seq Scan on drops (actual rows=22 loops=1)
                 Filter: (((seller_id = (COALESCE(NULLIF(current_setting('request.jwt.claim.sub'::text, true), ''::text), ((NULLIF(current_setting('request.jwt.claims'::text, true), ''::text))::jsonb ->> 'sub'::text)))::uuid) OR ((status = ANY ('{live,closed}'::text[])) AND is_seller_approved(seller_id))) AND (seller_id = (COALESCE(NULLIF(current_setting('request.jwt.claim.sub'::text, true), ''::text), ((NULLIF(current_setting('request.jwt.claims'::text, true), ''::text))::jsonb ->> 'sub'::text)))::uuid))
                 Rows Removed by Filter: 1
                 Buffers: shared hit=2
 Planning Time: 0.226 ms
 Execution Time: 0.858 ms
(14 rows)

 as_postgres 
-------------
 
(1 row)

ROLLBACK
