                 proname                 |                                                                                  args                                                                                  | secdef |           config            
-----------------------------------------+------------------------------------------------------------------------------------------------------------------------------------------------------------------------+--------+-----------------------------
 create_order_with_reservation           | p_drop_id uuid, p_product_ids uuid[], p_buyer_name text, p_buyer_phone text, p_shipping_address text, p_pincode text, p_confirmation_mode text, p_idempotency_key text | t      | search_path=public, pg_temp
 enforce_drops_seller_approval           |                                                                                                                                                                        | f      | search_path=public, pg_temp
 enforce_orders_payment_immutability     |                                                                                                                                                                        | f      | search_path=public, pg_temp
 enforce_products_inventory_immutability |                                                                                                                                                                        | f      | search_path=public, pg_temp
 enforce_profiles_approval_immutability  |                                                                                                                                                                        | f      | search_path=public, pg_temp
 generate_upi_payment_uri                | p_vpa text, p_name text, p_amount_paisa integer, p_reference text, p_note text                                                                                         | f      | search_path=public, pg_temp
 get_order_by_token                      | p_order_id uuid, p_order_token text                                                                                                                                    | t      | search_path=public, pg_temp
 get_order_by_token                      | p_order_token text                                                                                                                                                     | t      | search_path=public, pg_temp
 handle_new_seller_signup                |                                                                                                                                                                        | t      | search_path=public, pg_temp
 initiate_payment_attempt                | p_order_id uuid, p_order_token text, p_payment_type text                                                                                                               | t      | search_path=public, pg_temp
 is_seller_approved                      | p_seller_id uuid                                                                                                                                                       | t      | search_path=public, pg_temp
 mark_order_ready_to_ship                | p_order_id uuid                                                                                                                                                        | t      | search_path=public, pg_temp
 set_updated_at                          |                                                                                                                                                                        | f      | 
 submit_buyer_payment_claim              | p_order_id uuid, p_order_token text, p_payment_attempt_id uuid, p_utr text                                                                                             | t      | search_path=public, pg_temp
 submit_buyer_payment_claim              | p_payment_attempt_id uuid, p_order_token text, p_utr text                                                                                                              | t      | search_path=public, pg_temp
 sync_profiles_upi_fields                |                                                                                                                                                                        | f      | search_path=public, pg_temp
 trg_enforce_safe_drop_closure           |                                                                                                                                                                        | f      | search_path=public, pg_temp
 update_product                          | p_product_id uuid, p_title text, p_price_paisa integer, p_size text                                                                                                    | t      | search_path=public, pg_temp
(18 rows)

