   Woah! You appear to be trying to run flutter as root.
   We strongly recommend running the flutter tool without superuser privileges.
  /
📎
Resolving dependencies...
Downloading packages...
  app_links 7.0.0 (7.2.1 available)
  app_links_platform_interface 2.0.2 (2.0.4 available)
  archive 4.0.9 (4.3.0 available)
  camera 0.11.4 (0.12.1 available)
  camera_android_camerax 0.6.30 (0.7.5+1 available)
  camera_avfoundation 0.9.23+2 (0.11.0 available)
  clock 1.1.2 (1.1.3 available)
  cross_file 0.3.5+5 (0.4.0 available)
  cupertino_icons 1.0.9 (2.0.0 available)
  image_picker_android 0.8.13+17 (0.8.13+25 available)
  image_picker_ios 0.8.13+7 (0.8.13+9 available)
  intl 0.19.0 (0.20.3 available)
  matcher 0.12.19 (0.12.20 available)
  material_color_utilities 0.13.0 (0.13.1 available)
  meta 1.17.0 (1.19.0 available)
  passkeys_platform_interface 2.9.0 (2.10.0 available)
  pdf 3.12.0 (3.13.1 available)
  petitparser 7.0.2 (7.1.0 available)
  platform 3.1.6 (3.2.0 available)
  printing 5.14.3 (5.15.1 available)
  qr 3.0.2 (4.0.0 available)
  shared_preferences_android 2.4.23 (2.4.28 available)
  stack_trace 1.12.1 (1.12.2 available)
  storage_client 2.8.0 (2.8.1 available)
  supabase 2.16.1 (2.16.2 available)
  supabase_flutter 2.17.2 (2.18.0 available)
  test_api 0.7.10 (0.7.14 available)
  url_launcher 6.3.2 (6.3.3 available)
  url_launcher_android 6.3.30 (6.3.33 available)
  vector_math 2.2.0 (2.4.3 available)
  xml 6.6.1 (7.1.0 available)
Got dependencies!
31 packages have newer versions incompatible with dependency constraints.
Try `flutter pub outdated` for more information.
Analyzing seller-app...                                         
No issues found! (ran in 2.6s)
