PASS  001_create_profiles.sql
PASS  002_create_drops.sql
PASS  003_create_products.sql
PASS  004_create_orders.sql
PASS  005_create_order_items.sql
PASS  006_create_indexes.sql
PASS  007_create_triggers.sql
PASS  008_enable_rls_and_policies.sql
PASS  009_create_core_business_rpcs.sql
PASS  010_seller_storefront_and_order_state_machine.sql
PASS  011_domain_consistency_and_payment_authority_hardening.sql
PASS  012_payment_authority_direct_update_hardening.sql
PASS  013_direct_upi_and_manual_payment_verification.sql
PASS  014_persistent_payment_claim_window.sql
PASS  015_fulfillment_idempotency_and_rejection_release.sql
PASS  016_public_projection_views.sql
PASS  017_create_performance_indexes.sql
PASS  018_storage_buckets.sql
PASS  019_enable_realtime_publication.sql
PASS  020_auto_create_seller_profile_trigger.sql
PASS  021_seller_provisioning_security.sql
PASS  022_checkout_idempotency_conflict_detection.sql
PASS  023_late_upi_recovery.sql
PASS  024_safe_drop_closure.sql
PASS  025_product_editing.sql
PASS  026_fulfillment_state_machine.sql
PASS  027_product_multi_images_and_storage.sql
PASS  028_fix_get_order_by_token_overload_ambiguity.sql
PASS  029_add_image_urls_to_public_products_catalog.sql
PASS  030_fix_advance_paid_balance_payment_resolution.sql
PASS  031_seller_storefronts_and_catalog_showcase.sql
PASS  032_add_stream_url_to_drops.sql
PASS  033_hide_seller_upi_from_public_storefronts.sql
PASS  034_lock_down_public_view_privileges.sql
PASS  035_payment_claim_safety_and_refunds.sql
PASS  036_schedule_reaper_in_database.sql
PASS  037_claim_hold_and_shipping_quote.sql
PASS  038_storage_suspension_and_utr_guards.sql
Migration apply exit status: 0
